*** Using Compiler 'V5.06 update 3 (build 300)', folder: 'E:\MDK\ARM\ARMCC\Bin'
Rebuild target 'test2'
compiling control.c...
test2\control.h(6): warning:  #1-D: last line of file ends without a newline
  #endif
test2\control.c: 1 warning, 0 errors
compiling main.c...
../Core/Src/main.c(28): error:  #5: cannot open source input file "mpu.h": No such file or directory
  #include "mpu.h"
../Core/Src/main.c: 0 warnings, 1 error
assembling startup_stm32f407xx.s...
compiling mpu.c...
compiling stm32f4xx_hal_rcc.c...
compiling stm32f4xx_hal_dma.c...
compiling stm32f4xx_hal.c...
compiling stm32f4xx_hal_flash_ramfunc.c...
compiling stm32f4xx_hal_pwr.c...
compiling stm32f4xx_hal_cortex.c...
compiling stm32f4xx_hal_msp.c...
compiling stm32f4xx_hal_exti.c...
compiling stm32f4xx_it.c...
compiling stm32f4xx_hal_rcc_ex.c...
compiling gpio.c...
compiling usart.c...
compiling stm32f4xx_hal_dma_ex.c...
compiling stm32f4xx_hal_flash_ex.c...
compiling stm32f4xx_hal_i2c_ex.c...
compiling stm32f4xx_hal_pwr_ex.c...
compiling tim.c...
compiling stm32f4xx_hal_gpio.c...
compiling stm32f4xx_hal_i2c.c...
compiling stm32f4xx_hal_tim_ex.c...
compiling stm32f4xx_hal_tim.c...
compiling system_stm32f4xx.c...
compiling stm32f4xx_hal_uart.c...
compiling i2c.c...
compiling stm32f4xx_hal_flash.c...
"test2\test2.axf" - 1 Error(s), 1 Warning(s).
Target not created.
Build Time Elapsed:  00:03:36
