1776147551.274371	TX	3
1776147551.425047	TX	1
1776147551.425308	RX	ACK,3,TEL_ON
1776147551.447349	RX	ACK,1,LINE_ON
1776147551.463317	RX	TUNE,105509,36.9,18.0,34.1,17.0,60,1.86,-18.01,-45.0,15.0,-0.0,-0.0,-172.0
1776147551.590977	RX	TUNE,105629,37.0,18.0,-1.0,17.0,44,0.00,0.00,0.0,0.0,-105.0,3.9,-172.0
1776147551.703774	RX	TUNE,105749,36.6,18.0,-1.0,17.0,44,0.00,0.00,0.0,0.0,-441.5,228.3,-174.9
1776147551.830652	RX	TUNE,105869,35.2,-1.0,-1.0,17.6,36,0.00,0.00,0.0,0.0,-306.2,159.5,-174.4
1776147551.943416	RX	TUNE,105989,35.8,-1.0,-1.0,18.0,36,0.00,0.00,0.0,0.0,-343.5,187.2,-168.7
1776147552.070559	RX	TUNE,106109,37.5,-1.0,36.0,17.1,52,0.00,0.00,0.0,0.0,-94.2,69.1,-162.4
1776147552.190431	RX	TUNE,106229,-1.0,20.0,-1.0,17.0,40,0.00,0.00,0.0,0.0,33.0,-3.0,-145.7
1776147552.303161	RX	TUNE,106349,53.3,21.5,52.7,17.8,60,-3.07,-33.35,-416.4,-20.1,141.5,56.2,-139.9
1776147552.423153	RX	TUNE,106469,65.6,23.0,63.7,18.9,60,-2.14,-43.71,-531.2,-16.9,-321.0,17.3,-140.3
1776147552.550218	RX	TUNE,106589,-1.0,24.5,-1.0,19.6,40,0.00,0.00,0.0,0.0,-348.5,6.8,-143.1
1776147552.662744	RX	TUNE,106709,57.0,-1.0,-1.0,23.3,36,0.00,0.00,0.0,0.0,-385.2,211.8,-138.7
1776147552.782787	RX	TUNE,106829,58.8,36.0,-1.0,29.0,44,0.00,0.00,0.0,0.0,-224.0,111.3,-135.5
1776147552.903091	RX	TUNE,106949,64.8,35.5,-1.0,30.9,44,0.00,0.00,0.0,0.0,-209.8,110.4,-131.6
1776147553.045225	RX	TUNE,107069,-1.0,35.0,66.0,29.3,56,0.00,0.00,0.0,0.0,-219.0,379.3,-129.2
1776147553.195312	RX	TUNE,107189,-1.0,-1.0,66.8,31.0,48,0.00,0.00,0.0,0.0,-139.2,35.0,-114.7
1776147553.285171	RX	TUNE,107309,-1.0,-1.0,-1.0,-1.0,0,0.00,0.00,0.0,0.0,24.1,21.6,-101.5
1776147553.390152	RX	TUNE,107429,61.0,-1.0,-1.0,-1.0,4,0.00,0.00,0.0,0.0,37.4,22.2,-86.6
1776147553.600182	RX	TUNE,107549,58.1,-1.0,63.6,-1.0,20,0.00,0.00,0.0,0.0,-135.5,-48.5,-86.3
1776147553.630104	RX	TUNE,107669,57.7,-1.0,48.9,-1.0,20,0.00,0.00,0.0,0.0,6.2,-19.7,-86.0
1776147553.780181	RX	TUNE,107789,57.2,-1.0,-1.0,-1.0,4,0.00,0.00,0.0,0.0,-0.8,-0.8,-87.0
1776147553.930142	RX	TUNE,107909,58.6,-1.0,-1.0,-1.0,4,0.00,0.00,0.0,0.0,0.2,0.1,-87.1
1776147554.027926	RX	TUNE,108029,58.6,-1.0,49.2,-1.0,20,0.00,0.00,0.0,0.0,0.0,0.0,-87.0
1776147554.117686	RX	TUNE,108149,58.2,-1.0,-1.0,-1.0,4,0.00,0.00,0.0,0.0,-0.4,0.4,-87.0
1776147554.245172	RX	TUNE,108269,58.7,-1.0,51.8,-1.0,20,0.00,0.00,0.0,0.0,-0.0,0.0,-87.0
1776147554.342942	RX	TUNE,108389,58.1,-1.0,50.5,-1.0,20,0.00,0.00,0.0,0.0,-0.0,0.0,-87.0
1776147554.485495	RX	TUNE,108509,58.0,-1.0,-1.0,-1.0,4,0.00,0.00,0.0,0.0,-0.0,0.0,-87.0
1776147554.485581	TX	2
1776147554.507673	RX	ACK,2,LINE_OFF
1776147554.508609	RX	STATE,IDLE,108565,58.0,-1.0,-1.0,-1.0,-1.0,-1.0,0.00,0.00,0.0,0.0,-0.0,0.0,-87.0,4
