1776147900.275658	TX	5
1776147900.305900	RX	ACK,5,CAL_MODE_ON
1776147900.328810	RX	CAL,213904,0,0,31,24,27,25,60,31.0,24.0,27.5,24.7
1776147900.463964	RX	CAL,214024,0,0,31,25,28,24,60,31.0,24.8,27.8,24.2
1776147900.576575	RX	CAL,214144,0,0,31,24,27,25,60,31.0,24.1,27.1,24.9
1776147900.696210	RX	CAL,214264,0,0,31,24,28,25,60,31.0,24.0,27.6,25.0
1776147900.823569	RX	CAL,214384,0,0,31,24,28,25,60,31.0,24.0,28.0,25.0
1776147900.936223	RX	CAL,214504,0,0,31,24,28,25,60,31.0,24.0,28.0,25.0
1776147901.055963	RX	CAL,214624,0,0,31,25,28,25,60,31.0,24.5,28.0,25.0
1776147901.183333	RX	CAL,214744,0,0,31,24,28,25,60,31.0,24.2,28.0,25.0
1776147901.281082	RX	CAL,214864,0,0,31,24,28,25,60,31.0,24.0,28.0,25.0
1776147901.408383	RX	CAL,214984,0,0,32,24,0,25,44,31.5,24.0,-1.0,25.0
1776147901.528247	RX	CAL,215104,0,0,31,24,28,25,60,31.2,24.0,28.0,25.0
1776147901.655699	RX	CAL,215224,0,0,31,25,27,25,60,31.0,24.9,27.8,25.0
1776147901.768140	RX	CAL,215344,0,0,31,25,28,25,60,31.0,25.0,27.6,25.0
1776147901.895620	RX	CAL,215464,0,0,31,25,28,25,60,31.0,25.0,28.0,25.0
1776147902.060606	RX	CAL,215584,0,0,31,24,28,25,60,31.0,24.1,28.0,25.0
1776147902.135713	RX	CAL,215704,0,0,31,24,28,25,60,31.0,24.0,28.0,25.0
1776147902.248003	RX	CAL,215824,0,0,31,24,28,25,60,31.0,24.0,28.0,25.0
1776147902.368174	RX	CAL,215944,0,0,31,24,28,25,60,31.0,24.0,28.0,24.3
1776147902.503096	RX	CAL,216064,0,0,31,24,28,25,60,31.0,24.0,28.0,25.0
1776147902.600373	RX	CAL,216184,0,0,31,24,28,25,60,31.0,24.0,28.0,25.0
1776147902.743015	RX	CAL,216304,0,0,31,24,27,25,60,31.0,24.0,27.8,25.0
1776147902.840364	RX	CAL,216424,0,0,31,24,28,25,60,31.0,24.0,27.6,25.0
1776147902.975379	RX	CAL,216544,0,0,31,24,28,24,60,31.0,24.0,28.0,24.2
1776147903.080243	RX	CAL,216664,0,0,31,24,28,25,60,31.0,24.0,27.3,24.9
1776147903.215474	RX	CAL,216784,0,0,31,24,28,25,60,31.0,24.0,27.9,25.0
1776147903.320231	RX	CAL,216904,0,0,31,24,28,25,60,31.0,24.0,28.0,25.0
1776147903.320394	TX	2
1776147903.349589	RX	ACK,2,LINE_OFF
1776147903.358255	RX	STATE,IDLE,216949,31.0,24.0,28.0,25.0,-1.0,-1.0,0.00,0.00,0.0,0.0,-0.0,0.0,-0.0,60
