1776147717.339854	RX	=== VL53L0X Init ===
1776147717.340046	RX	CH1: FAIL (err=1)
1776147717.340132	RX	CH2: OK
1776147717.340218	RX	CH3: OK
1776147717.340303	RX	CH4: OK
1776147717.340389	RX	CH5: OK
1776147717.340475	RX	CH6: OK
1776147717.340651	RX	=== Init Done ===
1776147717.340780	RX	ACK,3,TEL_ON
1776147717.340921	RX	ACK,1,LINE_ON
1776147717.341575	RX	TUNE,1271,31.0,23.0,26.2,23.0,60,4.79,-5.60,-73.0,39.5,-7.9,2.1,-0.0
1776147717.342264	RX	TUNE,1381,31.0,23.0,26.8,23.0,60,4.21,-5.90,-71.5,29.6,-29.4,-10.9,-0.0
1776147717.342939	RX	TUNE,1501,31.0,23.0,26.5,23.5,60,5.07,-5.46,-65.2,37.3,-20.0,-11.6,-0.0
1776147717.343621	RX	TUNE,1631,30.2,23.8,26.8,24.0,60,3.56,-4.63,-55.5,23.1,-36.9,-19.5,-0.0
1776147717.344284	RX	TUNE,1741,30.0,24.0,26.1,24.9,60,4.82,-3.64,-43.6,34.7,-107.2,0.7,-0.0
1776147717.344954	RX	TUNE,1861,30.6,24.5,26.0,25.5,60,5.51,-3.25,-39.2,39.8,-22.0,-84.5,-0.0
1776147717.345632	RX	TUNE,1991,31.0,24.2,26.0,26.0,60,6.78,-3.41,-41.9,48.6,-2.3,-87.5,-0.0
1776147717.346306	RX	TUNE,2101,32.9,24.2,27.2,26.0,60,7.48,-4.96,-61.7,52.4,-16.1,-82.3,-0.0
1776147717.346973	RX	TUNE,2221,35.5,25.5,29.9,27.6,60,7.71,-6.21,-76.4,56.3,-20.3,-87.9,-0.0
1776147717.347641	RX	TUNE,2341,-1.0,28.2,35.4,32.8,56,0.00,0.00,0.0,0.0,-152.7,-15.8,-0.0
1776147717.348294	RX	TUNE,2461,-1.0,34.9,-1.0,45.9,40,0.00,0.00,0.0,0.0,-75.3,-64.6,-0.0
1776147717.348931	RX	TUNE,2581,-1.0,-1.0,-1.0,66.8,32,0.00,0.00,0.0,0.0,41.9,-123.9,-0.0
1776147717.349576	RX	TUNE,2711,60.9,37.0,-1.0,64.0,44,0.00,0.00,0.0,0.0,22.7,-106.2,-0.0
1776147717.350209	RX	TUNE,2821,-1.0,52.3,-1.0,60.8,40,0.00,0.00,0.0,0.0,17.1,-110.4,-0.0
1776147717.351164	RX	TUNE,2941,64.0,-1.0,-1.0,-1.0,4,0.00,0.00,0.0,0.0,15.3,-108.8,-0.0
1776147717.352056	RX	TUNE,3061,64.0,-1.0,50.5,-1.0,20,0.00,0.00,0.0,0.0,7.2,-110.5,-0.0
1776147717.352984	RX	TUNE,3181,62.3,63.0,52.6,-1.0,28,0.00,0.00,0.0,0.0,-9.0,-113.8,-0.0
1776147717.353923	RX	TUNE,3301,63.1,-1.0,53.2,106.0,52,0.00,0.00,0.0,0.0,-19.0,-106.9,-0.0
1776147717.354878	RX	TUNE,3431,66.3,98.0,-1.0,108.6,44,0.00,0.00,0.0,0.0,-2.7,-113.5,-0.0
1776147717.355780	RX	TUNE,3541,68.1,96.8,-1.0,-1.0,12,0.00,0.00,0.0,0.0,11.4,-121.9,-0.0
1776147717.356667	RX	TUNE,3661,68.2,-1.0,57.6,-1.0,20,0.00,0.00,0.0,0.0,5.0,-132.4,-0.0
1776147717.357571	RX	TUNE,3791,69.5,-1.0,62.5,-1.0,20,0.00,0.00,0.0,0.0,1.7,-138.2,-0.0
1776147717.358480	RX	TUNE,3901,68.0,-1.0,61.5,109.0,52,0.00,0.00,0.0,0.0,2.2,-138.8,-0.0
1776147717.359399	RX	TUNE,4021,66.0,-1.0,57.0,-1.0,20,0.00,0.00,0.0,0.0,2.8,-140.3,-0.0
1776147717.360312	RX	TUNE,4151,59.5,114.0,49.6,-1.0,28,0.00,0.00,0.0,0.0,-0.6,-139.8,-0.0
1776147717.361296	RX	TUNE,4271,50.6,53.6,41.5,58.4,60,13.97,9.94,96.9,96.9,-245.6,46.3,-0.0
1776147717.361977	RX	TUNE,4391,44.2,41.7,35.8,45.1,60,11.70,3.40,36.1,81.0,423.3,-6.6,-0.0
1776147717.362683	RX	TUNE,4511,39.0,33.7,31.0,36.5,60,10.86,0.09,-2.6,74.8,-159.5,-139.9,-0.0
1776147717.363375	RX	TUNE,4631,33.0,28.8,27.7,31.2,60,7.69,-0.32,-4.6,52.5,-129.0,-38.4,-0.0
1776147717.364115	RX	TUNE,4751,31.2,27.2,26.2,28.8,60,6.66,-0.68,-9.7,44.9,160.7,-109.7,-0.0
1776147717.364816	RX	TUNE,4871,30.2,26.2,25.2,27.2,60,6.00,-1.00,-12.9,41.7,-320.5,-31.1,-0.0
1776147717.365677	RX	TUNE,4991,30.0,24.8,25.0,25.9,60,6.07,-2.18,-28.0,42.9,112.0,-119.7,-0.0
1776147717.366417	RX	TUNE,5111,29.4,24.1,25.6,24.4,60,4.08,-3.26,-40.8,26.0,-31.1,-149.2,-0.0
1776147717.367085	RX	TUNE,5231,29.0,24.0,26.0,24.0,60,3.08,-3.49,-42.9,21.2,-246.5,4.7,-0.0
1776147717.367752	RX	TUNE,5351,29.0,24.9,25.7,24.9,60,3.36,-2.43,-29.4,24.5,41.3,-136.2,-0.0
1776147717.368423	RX	TUNE,5471,29.6,24.4,25.1,24.4,60,4.57,-2.98,-37.9,33.5,-24.0,-95.8,-0.0
1776147717.369199	RX	TUNE,5591,30.0,24.0,26.6,24.0,60,3.35,-4.26,-53.2,22.6,-22.2,-100.0,-0.0
1776147717.370311	RX	TUNE,5711,30.0,24.0,26.1,24.2,60,4.14,-3.92,-48.1,30.2,-32.4,-104.5,-0.0
1776147717.371387	RX	TUNE,5831,30.0,24.0,26.0,24.3,60,4.32,-3.84,-47.8,30.1,-37.8,-110.7,-0.0
1776147717.372443	RX	TUNE,5951,30.0,24.0,26.0,24.8,60,4.84,-3.58,-44.2,35.0,-15.2,-122.3,-0.0
1776147717.373466	RX	TUNE,6071,30.0,24.0,25.4,25.0,60,5.55,-3.22,-40.4,39.3,-8.6,-123.6,-0.0
1776147717.374491	RX	TUNE,6191,30.0,24.6,25.9,25.0,60,4.42,-3.16,-39.4,30.1,-11.4,-126.9,-0.0
1776147717.375591	RX	TUNE,6311,30.8,24.2,26.0,25.0,60,5.55,-3.77,-47.6,40.3,-9.8,-126.1,-0.0
1776147717.376666	RX	TUNE,6431,-1.0,-1.0,-1.0,-1.0,0,0.00,0.00,0.0,0.0,-0.9,-138.3,-0.0
1776147717.377688	RX	TUNE,6551,-1.0,-1.0,-1.0,-1.0,0,0.00,0.00,0.0,0.0,0.5,-139.4,-0.0
1776147717.378682	RX	TUNE,6671,-1.0,-1.0,-1.0,-1.0,0,0.00,0.00,0.0,0.0,2.8,-140.5,-0.0
1776147717.379755	RX	TUNE,6791,-1.0,-1.0,-1.0,-1.0,0,0.00,0.00,0.0,0.0,1.8,-141.1,-0.0
1776147717.380731	RX	TUNE,6911,-1.0,-1.0,-1.0,-1.0,0,0.00,0.00,0.0,0.0,1.2,-141.2,-0.0
1776147717.382408	RX	TUNE,7031,-1.0,-1.0,-1.0,-1.0,0,0.00,0.00,0.0,0.0,0.7,-141.1,-0.0
1776147717.383368	RX	TUNE,7151,-1.0,-1.0,-1.0,-1.0,0,0.00,0.00,0.0,0.0,2.4,-140.5,-0.0
1776147717.384486	RX	TUNE,7271,-1.0,-1.0,-1.0,-1.0,0,0.00,0.00,0.0,0.0,2.8,-139.5,-0.0
1776147717.385414	RX	TUNE,7391,-1.0,-1.0,-1.0,-1.0,0,0.00,0.00,0.0,0.0,2.9,-140.5,-0.0
1776147717.386524	RX	TUNE,7511,-1.0,-1.0,-1.0,-1.0,0,0.00,0.00,0.0,0.0,1.5,-141.2,-0.0
1776147717.387652	RX	TUNE,7631,-1.0,-1.0,-1.0,-1.0,0,0.00,0.00,0.0,0.0,0.3,-139.8,-0.0
1776147717.388385	RX	TUNE,7751,-1.0,-1.0,-1.0,-1.0,0,0.00,0.00,0.0,0.0,2.1,-140.5,-0.0
1776147717.389117	RX	TUNE,7871,-1.0,-1.0,-1.0,-1.0,0,0.00,0.00,0.0,0.0,2.2,-139.6,-0.0
1776147717.389888	RX	TUNE,7991,-1.0,-1.0,-1.0,-1.0,0,0.00,0.00,0.0,0.0,0.2,-139.3,-0.0
1776147717.390625	RX	TUNE,8111,-1.0,-1.0,-1.0,-1.0,0,0.00,0.00,0.0,0.0,0.7,-140.5,-0.0
1776147717.391429	RX	TUNE,8231,-1.0,-1.0,-1.0,-1.0,0,0.00,0.00,0.0,0.0,0.7,-141.0,-0.0
1776147717.392350	RX	TUNE,8351,-1.0,-1.0,-1.0,27.6,32,0.00,0.00,0.0,0.0,0.1,-140.8,-0.0
1776147717.393466	RX	TUNE,8471,-1.0,34.0,-1.0,29.9,40,0.00,0.00,0.0,0.0,-1.3,-139.9,-0.0
1776147717.394554	RX	TUNE,8591,-1.0,35.0,-1.0,-1.0,8,0.00,0.00,0.0,0.0,0.6,-139.6,-0.0
1776147717.395553	RX	TUNE,8711,-1.0,36.8,-1.0,-1.0,8,0.00,0.00,0.0,0.0,0.6,-140.5,-0.0
1776147717.396595	RX	TUNE,8831,119.6,-1.0,-1.0,-1.0,4,0.00,0.00,0.0,0.0,0.3,-141.2,-0.0
1776147717.397467	RX	TUNE,8951,143.3,-1.0,-1.0,-1.0,4,0.00,0.00,0.0,0.0,0.5,-139.5,-0.0
1776147717.398235	RX	TUNE,9071,146.2,-1.0,-1.0,-1.0,4,0.00,0.00,0.0,0.0,-0.0,-140.6,-0.0
1776147717.398953	RX	TUNE,9191,145.1,-1.0,-1.0,-1.0,4,0.00,0.00,0.0,0.0,2.5,-140.5,-0.0
1776147717.399660	RX	TUNE,9311,145.0,-1.0,-1.0,-1.0,4,0.00,0.00,0.0,0.0,0.6,-139.0,-0.0
1776147717.400374	RX	TUNE,9431,-1.0,-1.0,-1.0,-1.0,0,0.00,0.00,0.0,0.0,-0.9,-140.1,-0.0
1776147717.401138	RX	TUNE,9551,143.0,-1.0,26.0,-1.0,20,0.00,0.00,0.0,0.0,0.4,-140.4,-0.0
1776147717.401998	RX	TUNE,9671,138.4,-1.0,105.3,-1.0,20,0.00,0.00,0.0,0.0,0.0,-139.2,-0.0
1776147717.402908	RX	TUNE,9791,124.2,-1.0,-1.0,-1.0,4,0.00,0.00,0.0,0.0,2.0,-140.3,-0.0
1776147717.404088	RX	TUNE,9911,-1.0,-1.0,-1.0,-1.0,0,0.00,0.00,0.0,0.0,1.1,-140.7,-0.0
1776147717.405029	RX	TUNE,10031,-1.0,-1.0,125.9,47.0,48,0.00,0.00,0.0,0.0,0.2,-140.7,-0.0
1776147717.405888	RX	TUNE,10151,-1.0,-1.0,-1.0,40.6,32,0.00,0.00,0.0,0.0,1.9,-140.3,-0.0
1776147717.406633	RX	TUNE,10271,-1.0,-1.0,-1.0,37.3,32,0.00,0.00,0.0,0.0,-1.3,-139.9,-0.0
1776147717.407350	RX	TUNE,10391,116.9,-1.0,-1.0,33.1,36,0.00,0.00,0.0,0.0,2.0,-140.4,-0.0
1776147717.408067	RX	TUNE,10511,104.9,-1.0,96.0,-1.0,20,0.00,0.00,0.0,0.0,-2.0,-140.4,-0.0
1776147717.408814	RX	TUNE,10631,102.5,-1.0,94.5,-1.0,20,0.00,0.00,0.0,0.0,-1.1,-140.2,-0.0
1776147717.409518	RX	TUNE,10751,99.1,-1.0,-1.0,-1.0,4,0.00,0.00,0.0,0.0,-1.1,-140.3,-0.0
1776147717.410228	RX	TUNE,10871,98.7,-1.0,-1.0,37.6,36,0.00,0.00,0.0,0.0,0.5,-141.1,-0.0
1776147717.410993	RX	TUNE,10991,102.7,-1.0,-1.0,-1.0,4,0.00,0.00,0.0,0.0,-1.6,-140.6,-0.0
1776147717.411871	RX	TUNE,11111,-1.0,-1.0,-1.0,-1.0,0,0.00,0.00,0.0,0.0,-2.1,-140.4,-0.0
1776147717.412773	RX	TUNE,11231,-1.0,-1.0,-1.0,43.0,32,0.00,0.00,0.0,0.0,-0.5,-141.7,-0.0
1776147717.413488	RX	TUNE,11351,-1.0,-1.0,-1.0,43.0,32,0.00,0.00,0.0,0.0,-0.8,-141.0,-0.0
1776147717.414222	RX	TUNE,11471,-1.0,-1.0,-1.0,53.2,32,0.00,0.00,0.0,0.0,0.6,-141.1,-0.0
1776147717.414966	RX	TUNE,11591,-1.0,-1.0,-1.0,51.8,32,0.00,0.00,0.0,0.0,-1.4,-140.1,-0.0
1776147717.415665	RX	TUNE,11711,-1.0,37.8,-1.0,-1.0,8,0.00,0.00,0.0,0.0,-0.3,-140.7,-0.0
1776147717.416374	RX	TUNE,11831,-1.0,60.9,-1.0,46.0,40,0.00,0.00,0.0,0.0,-1.4,-140.1,-0.0
1776147717.417116	RX	TUNE,11951,-1.0,-1.0,-1.0,28.9,32,0.00,0.00,0.0,0.0,-2.3,-140.2,-0.0
1776147717.417808	RX	TUNE,12071,-1.0,-1.0,-1.0,24.4,32,0.00,0.00,0.0,0.0,-1.8,-140.6,-0.0
1776147717.418523	RX	TUNE,12191,-1.0,-1.0,-1.0,24.0,32,0.00,0.00,0.0,0.0,-2.7,-140.7,-0.0
1776147717.419209	RX	TUNE,12311,-1.0,-1.0,-1.0,24.0,32,0.00,0.00,0.0,0.0,-1.1,-139.1,-0.0
1776147717.419902	RX	TUNE,12431,-1.0,-1.0,-1.0,22.4,32,0.00,0.00,0.0,0.0,-0.8,-139.5,-0.0
1776147717.420594	RX	TUNE,12551,-1.0,-1.0,-1.0,22.3,32,0.00,0.00,0.0,0.0,-0.6,-139.6,-0.0
1776147717.421275	RX	TUNE,12671,-1.0,-1.0,-1.0,20.7,32,0.00,0.00,0.0,0.0,0.5,-140.4,-0.0
1776147717.421973	RX	TUNE,12791,-1.0,101.0,-1.0,27.9,40,0.00,0.00,0.0,0.0,-2.3,-140.6,-0.0
1776147717.422657	RX	TUNE,12911,-1.0,33.9,-1.0,27.5,40,0.00,0.00,0.0,0.0,-2.7,-140.7,-0.0
1776147717.423320	RX	TUNE,13031,-1.0,31.1,-1.0,32.4,40,0.00,0.00,0.0,0.0,1.7,-140.6,-0.0
1776147717.424011	RX	TUNE,13151,-1.0,28.1,-1.0,28.8,40,0.00,0.00,0.0,0.0,-1.4,-140.1,-0.0
1776147717.424692	RX	TUNE,13271,-1.0,28.5,-1.0,27.3,40,0.00,0.00,0.0,0.0,-3.0,-140.5,-0.0
1776147717.425441	RX	TUNE,13391,-1.0,26.8,-1.0,24.6,40,0.00,0.00,0.0,0.0,-0.0,-141.4,-0.0
1776147717.426144	RX	TUNE,13511,-1.0,26.9,-1.0,24.9,40,0.00,0.00,0.0,0.0,-0.1,-139.3,-0.0
1776147717.426944	RX	TUNE,13631,23.0,29.4,80.7,28.2,60,-58.86,-23.01,-227.3,-20.3,-4.1,-139.6,-0.0
1776147717.427639	RX	TUNE,13751,23.0,30.9,25.0,30.5,60,-2.29,6.71,91.7,9.7,-344.8,2.0,-0.0
1776147717.428446	RX	TUNE,13871,23.0,31.0,20.3,31.0,60,2.64,9.31,111.4,23.3,77.4,-187.6,-0.0
1776147717.429171	RX	TUNE,13991,23.0,30.1,19.7,30.8,60,3.96,9.09,107.4,29.4,24.2,-108.0,-0.0
1776147717.429875	RX	TUNE,14111,23.6,30.0,19.7,30.0,60,3.96,8.36,98.1,28.3,20.7,-111.2,-0.0
1776147717.430598	RX	TUNE,14231,24.0,29.2,20.0,30.0,60,4.79,7.63,89.9,34.8,-90.4,-57.1,-0.0
1776147717.431335	RX	TUNE,14351,24.0,29.9,20.0,30.7,60,4.79,8.30,98.9,33.6,19.5,-98.7,-0.0
1776147717.432072	RX	TUNE,14471,24.0,30.0,20.0,30.0,60,4.04,8.01,95.3,28.3,45.7,-108.3,-0.0
1776147717.432813	RX	TUNE,14591,24.0,30.0,20.0,30.0,60,4.00,8.00,95.5,28.4,28.2,-101.8,-0.0
1776147717.433556	RX	TUNE,14711,24.0,30.0,20.0,30.9,60,4.92,8.46,101.5,35.5,15.6,-105.3,-0.0
1776147717.434317	RX	TUNE,14831,24.0,30.0,20.0,31.0,60,5.00,8.50,102.0,35.5,17.6,-96.9,-0.0
1776147717.435088	RX	TUNE,14951,24.8,30.0,20.0,31.0,60,5.80,8.10,97.2,41.8,15.6,-107.2,-0.0
1776147717.435815	RX	TUNE,15071,25.5,30.0,20.9,31.0,60,5.65,7.29,87.7,39.5,13.8,-104.3,-0.0
1776147717.436558	RX	TUNE,15191,25.0,29.4,21.0,30.4,60,5.06,6.85,82.1,35.4,9.9,-111.6,-0.0
1776147717.437281	RX	TUNE,15311,25.0,29.0,20.2,30.8,60,6.61,7.33,89.5,48.4,23.8,-103.1,-0.0
1776147717.437988	RX	TUNE,15431,25.0,29.9,20.0,30.3,60,5.39,7.58,92.5,37.9,7.9,-109.7,-0.0
1776147717.438699	RX	TUNE,15551,25.0,30.0,20.6,31.0,60,5.34,7.66,93.1,37.3,2.2,-104.9,-0.0
1776147717.439409	RX	TUNE,15671,25.8,29.2,21.0,30.2,60,5.80,6.31,76.2,41.6,-3.5,-108.7,-0.0
1776147717.440122	RX	TUNE,15791,26.0,28.1,21.9,30.0,60,5.97,5.14,62.8,42.5,0.1,-103.1,-0.0
1776147717.440835	RX	TUNE,15911,26.0,28.6,22.0,30.0,60,5.37,5.33,66.2,37.3,-198.2,-7.3,-0.0
1776147717.441533	RX	TUNE,16031,26.8,29.0,22.0,30.0,60,5.83,5.09,62.9,41.9,74.1,-130.1,-0.0
1776147717.442250	RX	TUNE,16151,26.7,29.0,21.7,30.0,60,5.98,5.34,66.8,42.6,22.7,-107.0,-0.0
1776147717.442951	RX	TUNE,16271,26.1,29.6,20.4,30.6,60,6.63,6.88,86.6,48.1,20.2,-110.3,-0.0
1776147717.443731	RX	TUNE,16391,24.4,30.0,20.0,31.0,60,5.39,8.25,102.6,37.0,35.6,-112.1,-0.0
1776147717.444453	RX	TUNE,16511,23.7,30.3,19.7,31.0,60,4.71,8.97,111.6,32.6,35.6,-119.4,-0.0
1776147717.445194	RX	TUNE,16631,23.1,30.9,19.1,31.6,60,4.70,10.22,126.8,34.1,40.3,-116.8,-0.0
1776147717.445893	RX	TUNE,16751,23.0,31.0,19.0,31.2,60,4.16,10.07,124.1,29.1,35.6,-104.4,-0.0
1776147717.446597	RX	TUNE,16871,23.0,31.0,19.0,31.0,60,4.01,10.00,123.8,28.6,21.7,-111.2,-0.0
1776147717.447295	RX	TUNE,16991,23.6,30.4,19.6,31.0,60,4.63,9.06,111.5,34.0,15.2,-110.9,-0.0
1776147717.448008	RX	TUNE,17111,24.0,30.0,19.2,30.2,60,4.94,8.54,106.4,35.4,27.6,-108.5,-0.0
1776147717.448704	RX	TUNE,17231,24.0,30.0,19.9,30.2,60,4.32,8.17,102.6,31.0,-346.3,68.3,-0.0
1776147717.449395	RX	TUNE,17351,24.0,30.6,20.0,31.0,60,4.34,8.80,111.0,30.5,15.1,-91.1,-0.0
1776147717.450092	RX	TUNE,17471,24.0,30.2,20.0,31.0,60,4.83,8.58,107.9,35.1,37.3,-109.8,-0.0
1776147717.450774	RX	TUNE,17591,24.0,30.0,20.3,30.1,60,3.74,7.89,99.4,25.7,0.3,-117.5,-0.0
1776147717.451500	RX	TUNE,17711,24.0,30.0,20.9,30.0,60,3.06,7.53,95.8,21.8,-468.7,129.7,-0.0
1776147717.452188	RX	TUNE,17831,24.8,29.2,21.0,30.0,60,4.60,6.71,85.6,34.5,17.1,-113.9,-0.0
1776147717.452867	RX	TUNE,17951,25.0,29.6,21.0,30.0,60,4.40,6.80,87.4,32.0,6.2,-117.1,-0.0
1776147717.453559	RX	TUNE,18071,24.4,29.7,21.0,29.4,60,3.06,6.84,88.5,19.6,3.6,-115.2,-0.0
1776147717.454249	RX	TUNE,18191,24.0,29.2,21.0,29.8,60,3.70,6.99,90.4,27.7,-82.9,-81.0,-0.0
1776147717.454939	RX	TUNE,18311,24.0,29.9,20.4,30.0,60,3.65,7.73,99.5,25.9,35.1,-121.5,-0.0
1776147717.455638	RX	TUNE,18431,24.0,30.0,20.9,30.0,60,3.06,7.52,97.0,21.9,-103.5,-56.4,-0.0
1776147717.456323	RX	TUNE,18551,24.0,30.0,21.0,30.0,60,3.01,7.50,97.1,21.8,36.0,-130.1,-0.0
1776147717.457022	RX	TUNE,18671,24.3,29.7,21.0,30.0,60,3.66,7.17,92.8,27.8,-161.7,-32.2,-0.0
1776147717.457711	RX	TUNE,18791,24.9,29.1,21.0,30.0,60,4.88,6.56,86.0,35.8,42.7,-119.3,-0.0
1776147717.458398	RX	TUNE,18911,24.2,29.8,21.0,30.0,60,3.40,7.30,96.0,23.2,-173.1,-21.5,-0.0
1776147717.459090	RX	TUNE,19031,24.0,30.0,20.7,30.0,60,3.36,7.65,100.1,24.8,45.4,-127.8,-0.0
1776147717.460041	RX	TUNE,19151,24.0,30.0,20.1,30.6,60,4.57,8.28,108.2,34.3,-73.3,-63.2,-0.0
1776147717.460757	RX	TUNE,19271,24.0,30.0,20.8,30.2,60,3.36,7.68,100.0,23.0,-44.9,-66.3,-0.0
1776147717.461441	RX	TUNE,19391,24.3,30.0,21.0,30.0,60,3.35,7.35,96.4,24.8,53.6,-122.7,-0.0
1776147717.462112	RX	TUNE,19511,24.9,30.0,21.0,30.0,60,3.94,7.03,93.1,28.8,-256.7,39.8,-0.0
1776147717.462780	RX	TUNE,19631,25.0,30.0,21.0,30.0,60,3.99,7.00,93.1,28.9,-46.6,-81.7,-0.0
1776147717.463447	RX	TUNE,19751,24.1,29.7,21.0,30.0,60,3.44,7.28,96.6,25.1,78.4,-140.0,-0.0
1776147717.464122	RX	TUNE,19871,24.0,29.7,20.4,30.0,60,3.95,7.66,102.1,28.9,-188.9,-9.1,-0.0
1776147717.464799	RX	TUNE,19991,24.0,30.0,20.8,30.0,60,3.20,7.57,100.4,22.6,56.1,-142.6,-0.0
1776147717.465478	RX	TUNE,20111,24.0,30.0,20.1,30.2,60,4.13,8.06,107.1,30.8,-152.6,-28.3,-0.0
1776147717.466143	RX	TUNE,20231,23.4,30.0,20.0,31.0,60,4.32,8.79,116.3,30.8,45.6,-129.2,-0.0
1776147717.466814	RX	TUNE,20351,23.0,30.8,19.2,31.0,60,4.03,9.78,128.6,29.0,-70.8,-61.2,-0.0
1776147717.467492	RX	TUNE,20471,23.0,31.0,19.0,31.7,60,4.70,10.33,134.9,33.9,11.5,-107.5,-0.0
1776147717.468149	RX	TUNE,20591,23.0,31.0,19.6,31.0,60,3.41,9.70,127.0,23.6,28.5,-95.9,-0.0
1776147717.468829	RX	TUNE,20711,23.0,31.0,20.0,31.0,60,3.04,9.52,125.5,21.9,-20.1,-78.0,-0.0
1776147717.469498	RX	TUNE,20831,23.3,31.0,19.4,31.0,60,3.89,9.62,126.7,28.8,-51.8,-58.8,-0.0
1776147717.470174	RX	TUNE,20951,23.9,30.4,19.9,31.0,60,4.62,8.74,116.2,34.4,70.0,-127.1,-0.0
1776147717.470835	RX	TUNE,21071,24.0,30.0,20.8,30.2,60,3.34,7.71,103.9,23.0,-46.1,-91.0,-0.0
1776147717.471491	RX	TUNE,21191,24.0,30.0,21.0,30.0,60,3.02,7.52,102.5,21.9,0.2,-112.0,-0.0
1776147717.472163	RX	TUNE,21311,24.0,30.0,20.4,30.6,60,4.26,8.13,111.1,32.8,-136.3,-40.1,-0.0
1776147717.472831	RX	TUNE,21431,24.0,30.0,20.0,31.0,60,4.95,8.47,114.8,36.2,20.5,-109.6,-0.0
1776147717.473490	RX	TUNE,21551,23.7,30.3,20.0,30.3,60,3.64,8.48,115.5,25.1,-12.4,-96.4,-0.0
1776147717.474143	RX	TUNE,21671,23.1,30.9,20.0,31.0,60,3.09,9.42,126.9,22.2,8.5,-105.1,-0.0
1776147717.474815	RX	TUNE,21791,23.0,31.0,19.2,31.0,60,3.81,9.89,132.8,28.4,32.3,-108.2,-0.0
1776147717.475725	RX	TUNE,21911,23.6,31.0,19.9,31.7,60,4.35,9.61,129.3,31.1,-65.3,-58.7,-0.0
1776147717.476737	RX	TUNE,22031,23.1,30.4,20.0,31.7,60,4.35,9.50,128.3,32.8,53.2,-110.0,-0.0
1776147717.477426	RX	TUNE,22151,23.0,30.8,19.2,31.2,60,4.13,9.89,133.6,29.5,-165.7,1.6,-0.0
1776147717.478107	RX	TUNE,22271,23.0,31.0,19.0,31.0,60,4.01,9.99,134.8,29.1,69.5,-122.0,-0.0
1776147717.478814	RX	TUNE,22391,23.0,31.0,19.6,31.6,60,4.00,10.00,135.3,29.2,-60.5,-51.4,-0.0
1776147717.479510	RX	TUNE,22511,23.0,31.0,19.2,31.2,60,3.99,9.99,135.4,28.9,-34.9,-59.3,-0.0
1776147717.480203	RX	TUNE,22631,23.0,31.3,19.0,31.9,60,4.58,10.62,143.8,33.1,70.2,-117.4,-0.0
1776147717.480871	RX	TUNE,22751,23.0,31.3,19.0,32.0,60,4.69,10.65,143.7,34.6,-168.7,6.3,-0.0
1776147717.481577	RX	TUNE,22871,23.0,31.0,19.0,32.0,60,4.97,10.51,142.5,36.2,75.9,-115.1,-0.0
1776147717.482257	RX	TUNE,22991,23.0,31.0,19.3,32.0,60,4.67,10.34,140.5,33.2,-22.8,-64.0,-0.0
1776147717.482928	RX	TUNE,23111,23.0,31.0,19.3,32.0,60,4.69,10.35,141.5,34.6,27.1,-94.1,-0.0
1776147717.483615	RX	TUNE,23231,23.0,31.0,19.0,32.0,60,4.97,10.49,143.3,36.2,-23.2,-68.2,-0.0
1776147717.484282	RX	TUNE,23351,23.0,31.0,19.0,32.0,60,5.00,10.50,143.7,36.2,16.1,-95.0,-0.0
1776147717.484957	RX	TUNE,23471,23.0,31.0,19.0,32.0,60,5.00,10.50,144.0,36.2,-29.6,-75.2,-0.0
1776147717.485629	RX	TUNE,23591,23.0,31.0,19.0,31.2,60,4.18,10.09,139.0,29.6,5.7,-100.0,-0.0
1776147717.486305	RX	TUNE,23711,23.0,31.0,19.0,31.2,60,4.23,10.11,140.2,31.2,1.8,-103.3,-0.0
1776147717.486975	RX	TUNE,23831,23.6,31.0,19.6,31.3,60,4.33,9.54,132.3,30.9,22.9,-106.4,-0.0
1776147717.487652	RX	TUNE,23951,23.2,30.2,20.0,31.0,60,4.02,9.04,127.4,29.2,31.9,-110.4,-0.0
1776147717.488327	RX	TUNE,24071,23.9,30.9,20.0,31.0,60,4.00,9.00,127.5,29.3,-185.8,-7.5,-0.0
1776147717.488993	RX	TUNE,24191,24.0,31.0,20.0,31.0,60,4.00,9.00,127.7,29.3,37.7,-117.3,-0.0
1776147717.489673	RX	TUNE,24311,24.0,30.2,20.0,31.0,60,4.80,8.60,122.9,35.7,-122.9,-24.4,-0.0
1776147717.490378	RX	TUNE,24431,24.0,30.0,20.0,31.0,60,4.98,8.51,122.3,36.3,-42.0,-88.9,-0.0
1776147717.491119	RX	TUNE,24551,24.0,30.0,20.0,31.0,60,5.00,8.50,122.5,36.3,15.2,-113.2,-0.0
1776147717.491804	RX	TUNE,24671,24.0,30.0,20.8,30.2,60,3.38,7.69,112.3,23.3,25.6,-120.4,-0.0
1776147717.492533	RX	TUNE,24791,24.0,30.0,20.7,30.7,60,4.05,8.03,117.5,30.2,37.0,-130.3,-0.0
1776147717.493218	RX	TUNE,24911,24.0,30.6,20.1,30.7,60,3.98,8.62,125.5,29.3,46.3,-136.2,-0.0
1776147717.493901	RX	TUNE,25031,23.2,31.0,20.0,31.0,60,3.22,9.37,134.5,23.1,49.8,-133.4,-0.0
1776147717.494581	RX	TUNE,25151,23.3,31.0,20.0,31.7,60,4.04,9.67,137.7,30.3,39.8,-130.6,-0.0
1776147717.495255	RX	TUNE,25271,23.9,30.4,20.0,31.0,60,4.60,8.73,126.2,34.6,35.3,-123.6,-0.0
1776147717.495922	RX	TUNE,25391,24.0,30.0,20.8,31.0,60,4.17,8.12,119.3,30.0,-5.6,-105.0,-0.0
1776147717.496621	RX	TUNE,25511,24.0,30.0,20.4,30.8,60,4.35,8.18,120.4,31.1,57.8,-137.2,-0.0
1776147717.497306	RX	TUNE,25631,24.6,29.4,20.9,30.0,60,4.35,6.92,104.7,33.0,-330.5,57.5,-0.0
1776147717.497987	RX	TUNE,25751,25.0,29.0,21.8,29.2,60,3.32,5.73,90.8,23.4,111.2,-171.7,-0.0
1776147717.498661	RX	TUNE,25871,25.0,29.0,22.0,29.0,60,3.02,5.52,89.2,22.3,-370.3,75.3,-0.0
1776147717.499326	RX	TUNE,25991,25.0,29.0,22.0,29.0,60,3.00,5.50,89.3,22.4,43.9,-141.1,-0.0
1776147717.499988	RX	TUNE,26111,25.8,29.0,22.0,29.0,60,3.80,5.10,84.4,28.8,53.5,-143.0,-0.0
1776147717.500652	RX	TUNE,26231,25.4,28.1,22.0,28.8,60,4.09,4.74,79.9,30.4,-354.3,68.7,-0.0
1776147717.501336	RX	TUNE,26351,25.9,28.0,22.0,28.0,60,3.98,4.05,72.1,29.3,108.8,-175.9,-0.0
1776147717.502004	RX	TUNE,26471,26.0,28.0,22.0,28.8,60,4.82,4.42,77.2,36.1,-100.5,-63.2,-0.0
1776147717.502666	RX	TUNE,26591,26.0,28.0,22.9,28.1,60,3.19,3.59,66.7,22.7,17.0,-129.2,-0.0
1776147717.503346	RX	TUNE,26711,26.0,28.0,23.0,28.0,60,3.01,3.51,66.1,22.4,46.9,-144.8,-0.0
1776147717.504029	RX	TUNE,26831,26.0,28.0,23.0,28.0,60,3.00,3.50,66.2,22.5,-335.7,54.8,-0.0
1776147717.504724	RX	TUNE,26951,26.0,28.0,23.0,28.0,60,3.00,3.50,66.3,22.5,106.8,-176.5,-0.0
1776147717.505407	RX	TUNE,27071,26.0,28.0,23.0,28.0,60,3.00,3.50,66.4,22.5,-154.3,-40.8,-0.0
1776147717.506074	RX	TUNE,27191,26.0,28.0,23.0,28.0,60,3.00,3.50,66.5,22.5,13.6,-128.6,-0.0
1776147717.506855	RX	TUNE,27311,26.6,28.0,22.7,28.0,60,3.89,3.38,65.6,29.3,49.0,-145.4,-0.0
1776147717.507535	RX	TUNE,27431,26.1,28.0,22.7,28.0,60,3.36,3.63,68.2,24.2,-386.3,84.6,-0.0
1776147717.508213	RX	TUNE,27551,26.0,27.2,23.0,28.0,60,3.83,3.11,61.8,28.9,99.4,-174.0,-0.0
1776147717.508877	RX	TUNE,27671,26.6,27.9,23.0,28.0,60,3.66,3.17,63.3,26.6,3.7,-124.8,-0.0
1776147717.509548	RX	TUNE,27791,26.1,28.0,22.4,28.0,60,3.69,3.78,71.0,27.9,12.9,-131.8,-0.0
1776147717.510222	RX	TUNE,27911,26.0,28.0,22.8,28.0,60,3.18,3.58,67.9,23.2,13.4,-124.1,-0.0
1776147717.510894	RX	TUNE,28031,26.0,28.0,23.0,28.0,60,3.02,3.51,67.3,22.6,-82.5,-78.1,-0.0
1776147717.511558	RX	TUNE,28151,26.6,27.4,23.6,28.0,60,3.63,2.56,54.8,27.9,14.6,-131.4,-0.0
1776147717.512227	RX	TUNE,28271,27.0,27.0,23.2,27.2,60,3.94,2.04,49.5,29.3,-18.5,-111.1,-0.0
1776147717.512882	RX	TUNE,28391,27.3,26.7,23.0,27.7,60,5.34,2.02,49.1,40.5,-3.1,-119.1,-0.0
1776147717.513538	RX	TUNE,28511,27.9,26.7,23.0,27.0,60,5.28,1.39,42.2,38.1,-267.0,20.3,-0.0
1776147717.514205	RX	TUNE,28631,28.0,26.2,23.8,27.0,60,5.02,0.69,33.3,36.6,98.7,-171.3,-0.0
1776147717.514894	RX	TUNE,28751,28.0,26.9,24.0,27.2,60,4.33,1.07,38.8,31.9,10.6,-128.3,-0.0
1776147717.515571	RX	TUNE,28871,28.0,27.0,23.4,28.0,60,5.60,1.79,47.7,42.1,-269.8,21.1,-0.0
1776147717.516258	RX	TUNE,28991,28.0,27.0,23.8,28.8,60,5.99,2.00,49.8,44.0,100.9,-170.0,-0.0
1776147717.516930	RX	TUNE,29111,28.0,27.0,24.0,28.8,60,5.79,1.89,48.2,41.7,-103.2,-62.2,-0.0
1776147717.517605	RX	TUNE,29231,28.0,27.6,23.4,28.7,60,5.67,2.46,56.5,42.0,59.7,-152.4,-0.0
1776147717.518275	RX	TUNE,29351,28.0,28.0,23.0,29.0,60,5.98,2.96,61.7,43.8,41.1,-135.3,-0.0
1776147717.518941	RX	TUNE,29471,27.1,28.0,23.0,29.0,60,5.11,3.44,67.5,36.9,-346.8,63.8,-0.0
1776147717.519615	RX	TUNE,29591,26.4,27.4,23.0,28.4,60,4.38,3.18,63.8,31.3,110.3,-173.9,-0.0
1776147717.520293	RX	TUNE,29711,26.0,27.8,23.0,28.0,60,3.22,3.41,67.3,23.3,-66.9,-85.6,-0.0
1776147717.520957	RX	TUNE,29831,26.9,28.9,23.8,28.0,60,2.27,3.12,63.6,17.1,12.6,-129.5,-0.0
1776147717.521856	RX	TUNE,29951,27.6,29.0,-1.0,28.0,44,0.00,0.00,0.0,0.0,25.6,-155.3,-0.0
1776147717.522691	RX	TUNE,30071,27.2,29.0,24.0,28.0,60,2.17,2.91,61.5,16.4,-455.2,118.4,-0.0
1776147717.523415	RX	TUNE,30191,27.9,29.0,24.9,28.0,60,2.02,2.10,51.3,15.7,110.4,-178.2,-0.0
1776147717.524117	RX	TUNE,30311,27.4,28.4,25.0,28.0,60,2.00,2.01,50.6,15.7,-182.7,-26.4,-0.0
1776147717.524801	RX	TUNE,30431,27.0,28.8,25.0,28.0,60,1.20,2.40,55.7,9.4,9.1,-127.2,-0.0
1776147717.525512	RX	TUNE,30551,27.0,29.3,24.7,28.2,60,1.24,2.93,62.7,10.8,44.8,-147.0,-0.0
1776147717.526265	RX	TUNE,30671,26.4,29.9,24.7,29.6,60,1.33,4.23,78.5,10.7,-306.2,38.2,-0.0
1776147717.526963	RX	TUNE,30791,26.0,32.4,24.2,31.6,60,1.11,6.90,112.0,9.5,100.4,-174.1,-0.0
1776147717.527676	RX	TUNE,30911,26.0,37.1,23.7,35.0,60,0.12,11.20,164.9,1.9,-421.9,107.7,-0.0
1776147717.528352	RX	TUNE,31031,26.0,-1.0,23.7,35.3,52,0.00,0.00,0.0,0.0,110.4,-166.5,-0.0
1776147717.557786	RX	TUNE,31151,26.0,39.0,24.0,35.9,60,-1.09,12.45,177.8,-8.7,5.8,-142.9,-0.0
1776147717.670545	RX	TUNE,31271,26.0,39.0,24.0,36.0,60,-1.00,12.50,177.9,-5.4,-288.1,45.6,-0.0
1776147717.790554	RX	TUNE,31391,26.6,39.0,24.0,35.4,60,-1.00,11.87,169.9,-5.4,116.3,-171.7,-0.0
1776147717.790644	TX	3
1776147717.941159	TX	1
1776147717.941333	RX	ACK,3,TEL_ON
1776147717.942020	RX	TUNE,31511,27.0,-1.0,24.0,35.0,52,0.00,0.00,0.0,0.0,-348.3,60.5,-0.0
1776147717.969965	RX	ACK,1,LINE_ON
1776147718.030802	RX	TUNE,31631,26.1,39.4,24.0,35.9,60,-1.40,12.64,165.2,-11.9,86.8,-183.3,-0.0
1776147718.158716	RX	TUNE,31751,26.0,39.3,23.4,36.0,60,-0.68,12.97,157.0,-3.4,-242.7,12.2,-0.0
1776147718.263819	RX	TUNE,31871,25.2,39.0,23.0,36.0,60,-0.86,13.39,162.0,-6.4,87.1,-158.8,-0.0
1776147718.398957	RX	TUNE,31991,25.6,39.0,23.0,35.8,60,-0.65,13.10,158.4,-5.3,46.9,-136.4,-0.0
1776147718.511292	RX	TUNE,32111,25.1,39.0,23.0,35.0,60,-1.91,12.99,157.6,-14.1,-76.8,-76.9,-0.0
1776147718.631376	RX	TUNE,32231,25.0,39.0,23.0,35.0,60,-1.99,13.00,158.1,-14.1,92.2,-164.9,-0.0
1776147718.744148	RX	TUNE,32351,25.0,37.8,22.4,35.0,60,-0.22,12.67,153.9,-0.4,-293.1,40.9,-0.0
1776147718.864225	RX	TUNE,32471,25.0,37.7,22.3,35.0,60,-0.02,12.69,155.6,0.0,117.7,-175.0,-0.0
1776147718.984120	RX	TUNE,32591,25.0,38.0,22.0,34.2,60,-0.83,12.56,153.7,-6.7,-284.5,33.8,-0.0
1776147719.134285	RX	TUNE,32711,24.4,37.1,22.3,34.7,60,-0.29,12.52,153.2,-2.1,105.2,-166.8,-0.0
1776147719.224297	RX	TUNE,32831,24.9,37.0,22.9,34.7,60,-0.33,11.89,146.7,-1.7,4.0,-118.8,-0.0
1776147719.344437	RX	TUNE,32951,25.0,37.0,22.2,34.2,60,-0.05,11.98,148.1,-0.2,-24.9,-101.3,-0.0
1776147719.464551	RX	TUNE,33071,24.7,36.7,22.0,34.0,60,-0.01,12.00,148.6,-0.1,79.7,-156.1,-0.0
1776147719.584535	RX	TUNE,33191,24.1,35.4,22.0,33.4,60,-0.00,11.37,140.6,-0.1,-312.4,48.1,-0.0
1776147719.712068	RX	TUNE,33311,24.8,35.0,22.0,33.0,60,0.78,10.63,132.4,6.2,116.1,-175.9,-0.0
1776147719.824647	RX	TUNE,33431,25.0,33.5,22.0,32.6,60,2.08,9.52,118.5,15.6,-237.8,11.5,-0.0
1776147719.944779	RX	TUNE,33551,25.0,30.9,22.0,29.8,60,1.94,6.85,85.7,13.4,78.5,-162.3,-0.0
1776147720.072335	RX	TUNE,33671,25.8,29.3,22.8,29.0,60,2.76,4.87,63.0,20.1,17.7,-133.7,-0.0
1776147720.184881	RX	TUNE,33791,26.0,28.5,23.0,28.8,60,3.32,4.14,55.6,22.7,-152.7,-45.3,-0.0
1776147720.304954	RX	TUNE,33911,26.0,28.3,23.0,28.0,60,2.72,3.68,50.1,19.3,56.4,-161.8,-0.0
1776147720.432877	RX	TUNE,34031,26.0,28.0,23.0,28.0,60,2.97,3.52,48.5,21.0,-1.5,-127.4,-0.0
1776147720.545110	RX	TUNE,34151,26.0,28.0,23.0,28.0,60,3.00,3.50,48.6,21.0,-166.9,-44.5,-0.0
1776147720.672781	RX	TUNE,34271,26.0,28.0,23.0,28.0,60,3.00,3.50,48.7,21.0,-22.5,-114.5,-0.0
1776147720.792872	RX	TUNE,34391,26.8,27.2,23.0,28.0,60,4.59,2.70,38.5,33.8,20.1,-124.0,-0.0
1776147720.920460	RX	TUNE,34511,27.0,27.0,23.9,27.1,60,3.16,1.62,25.6,21.3,-106.7,-76.3,-0.0
1776147721.025448	RX	TUNE,34631,27.0,27.0,24.0,27.0,60,3.01,1.51,24.9,21.0,19.4,-139.4,-0.0
1776147721.025538	TX	2
1776147721.047114	RX	ACK,2,LINE_OFF
1776147721.055688	RX	STATE,IDLE,34663,27.0,27.0,24.0,27.0,-1.0,-1.0,3.01,1.50,0.0,0.0,-6.1,-128.1,-0.0,60
