1776147804.467750	TX	3
1776147804.618191	TX	1
1776147804.618383	RX	ACK,3,TEL_ON
1776147804.661243	RX	ACK,1,LINE_ON
1776147804.669695	RX	TUNE,118263,28.0,26.0,24.0,26.2,60,4.14,0.07,1.0,15.0,-0.0,-0.0,-0.0
1776147804.789572	RX	TUNE,118383,27.8,26.0,24.7,26.0,60,3.14,-0.25,-2.9,22.0,0.8,-1.4,-0.0
1776147804.909977	RX	TUNE,118503,27.6,26.0,24.1,26.0,60,3.56,0.16,1.8,25.8,-406.7,205.1,-0.0
1776147805.067307	RX	TUNE,118623,28.0,26.0,24.0,26.8,60,4.78,0.43,5.4,34.7,-468.5,230.5,-0.0
1776147805.149953	RX	TUNE,118743,28.0,26.0,24.7,26.8,60,4.08,0.05,0.3,28.1,-464.2,208.8,-0.0
1776147805.277472	RX	TUNE,118863,28.0,26.0,24.1,26.0,60,3.98,-0.01,-0.1,27.8,-12.3,-72.9,-0.0
1776147805.390461	RX	TUNE,118983,28.0,25.2,24.8,26.0,60,4.00,-0.75,-9.8,28.0,209.2,-36.4,-0.0
1776147805.510629	RX	TUNE,119103,29.0,25.9,26.5,25.8,60,2.41,-1.95,-24.4,16.0,-153.3,-81.6,-0.0
1776147805.630398	RX	TUNE,119223,29.4,26.0,25.5,26.3,60,4.17,-1.29,-14.1,31.6,-4.2,-40.2,-0.0
1776147805.757709	RX	TUNE,119343,28.3,26.7,24.3,27.8,60,5.03,0.98,13.5,35.9,85.6,-90.0,-0.0
1776147805.877769	RX	TUNE,119463,28.0,27.8,24.0,28.2,60,4.37,2.00,24.7,30.6,-18.7,-116.3,-0.0
1776147806.020556	RX	TUNE,119583,27.5,28.5,24.0,29.0,60,3.88,3.02,37.3,25.7,155.7,-18.1,-0.0
1776147806.117912	RX	TUNE,119703,27.0,30.5,23.2,32.3,60,5.63,6.23,77.8,41.7,-66.8,-138.2,-0.0
1776147806.230442	RX	TUNE,119823,29.4,35.5,24.4,38.2,60,7.71,9.89,122.3,56.6,57.6,-89.0,-0.0
1776147806.350623	RX	TUNE,119943,36.5,42.7,29.0,42.4,60,7.32,9.83,116.1,49.0,59.5,-95.7,-0.0
1776147806.478177	RX	TUNE,120063,-1.0,-1.0,-1.0,-1.0,0,0.00,0.00,0.0,0.0,84.8,-90.6,-0.0
1776147806.628570	RX	TUNE,120183,-1.0,-1.0,-1.0,-1.0,0,0.00,0.00,0.0,0.0,69.9,-90.3,-0.0
1776147806.718478	RX	TUNE,120303,46.9,-1.0,36.7,-1.0,20,0.00,0.00,0.0,0.0,-17.0,-128.5,-0.0
1776147806.838443	RX	TUNE,120423,46.9,-1.0,35.9,-1.0,20,0.00,0.00,0.0,0.0,9.7,-113.7,-0.0
1776147806.950909	RX	TUNE,120543,-1.0,-1.0,30.8,-1.0,16,0.00,0.00,0.0,0.0,7.1,-120.2,-0.0
1776147807.071007	RX	TUNE,120663,42.9,-1.0,29.0,-1.0,20,0.00,0.00,0.0,0.0,7.9,-116.0,-0.0
1776147807.221585	RX	TUNE,120783,38.6,-1.0,27.3,-1.0,20,0.00,0.00,0.0,0.0,4.8,-115.5,-0.0
1776147807.326264	RX	TUNE,120903,37.4,-1.0,26.3,-1.0,20,0.00,0.00,0.0,0.0,4.5,-117.6,-0.0
1776147807.438853	RX	TUNE,121023,37.9,-1.0,26.9,-1.0,20,0.00,0.00,0.0,0.0,6.8,-115.0,-0.0
1776147807.558956	RX	TUNE,121143,38.0,-1.0,26.2,-1.0,20,0.00,0.00,0.0,0.0,6.5,-117.0,-0.0
1776147807.671614	RX	TUNE,121263,38.7,-1.0,26.0,-1.0,20,0.00,0.00,0.0,0.0,7.3,-117.5,-0.0
1776147807.671710	TX	2
1776147807.701540	RX	ACK,2,LINE_OFF
1776147807.702366	RX	STATE,IDLE,121294,38.4,-1.0,26.0,-1.0,-1.0,-1.0,0.00,0.00,0.0,0.0,4.9,-117.1,-0.0,20
