1776147467.745609	TX	3
1776147467.946080	TX	1
1776147467.946346	RX	ACK,3,TEL_ON
1776147467.964637	RX	ACK,1,LINE_ON
1776147468.055483	RX	TUNE,22117,50.0,24.2,29.2,-1.0,28,0.00,0.00,0.0,0.0,0.0,0.0,-0.0
1776147468.190407	RX	TUNE,22227,50.5,-1.0,29.7,-1.0,20,0.00,0.00,0.0,0.0,0.0,0.0,-0.0
1776147468.310389	RX	TUNE,22347,49.7,23.6,29.1,-1.0,28,0.00,0.00,0.0,0.0,0.0,0.0,-0.0
1776147468.415414	RX	TUNE,22477,50.0,23.0,29.0,-1.0,28,0.00,0.00,0.0,0.0,0.0,0.0,-0.0
1776147468.543278	RX	TUNE,22587,50.0,24.2,29.9,-1.0,28,0.00,0.00,0.0,0.0,0.0,0.0,-0.0
1776147468.655430	RX	TUNE,22707,50.0,23.1,29.4,-1.0,28,0.00,0.00,0.0,0.0,0.0,0.0,-0.0
1776147468.768027	RX	TUNE,22827,50.8,-1.0,29.8,-1.0,20,0.00,0.00,0.0,0.0,0.0,0.0,-0.0
1776147468.887998	RX	TUNE,22947,50.2,-1.0,29.1,-1.0,20,0.00,0.00,0.0,0.0,0.0,0.0,-0.0
1776147469.008050	RX	TUNE,23067,-1.0,-1.0,29.0,-1.0,16,0.00,0.00,0.0,0.0,0.0,0.0,-0.0
1776147469.135617	RX	TUNE,23197,50.0,23.1,29.8,-1.0,28,0.00,0.00,0.0,0.0,0.0,0.0,-0.0
1776147469.248302	RX	TUNE,23307,49.5,-1.0,29.8,-1.0,20,0.00,0.00,0.0,0.0,0.0,0.0,-0.0
1776147469.368308	RX	TUNE,23427,50.3,-1.0,29.1,-1.0,20,0.00,0.00,0.0,0.0,0.0,0.0,-0.0
1776147469.495734	RX	TUNE,23557,50.0,21.9,29.0,-1.0,28,0.00,0.00,0.0,0.0,0.0,0.0,-0.0
1776147469.615774	RX	TUNE,23667,50.0,-1.0,28.8,-1.0,20,0.00,0.00,0.0,0.0,0.0,0.0,-0.0
1776147469.736104	RX	TUNE,23787,50.0,21.0,28.1,-1.0,28,0.00,0.00,0.0,0.0,0.0,0.0,-0.0
1776147469.856132	RX	TUNE,23917,50.0,-1.0,28.8,-1.0,20,0.00,0.00,0.0,0.0,0.0,0.0,-0.0
1776147469.975782	RX	TUNE,24027,50.0,-1.0,29.0,-1.0,20,0.00,0.00,0.0,0.0,0.0,0.0,-0.0
1776147470.088253	RX	TUNE,24147,50.0,25.0,29.5,-1.0,28,0.00,0.00,0.0,0.0,0.0,0.0,-0.0
1776147470.215856	RX	TUNE,24277,50.0,-1.0,29.2,-1.0,20,0.00,0.00,0.0,0.0,0.0,0.0,-0.0
1776147470.328314	RX	TUNE,24387,50.0,-1.0,29.0,-1.0,20,0.00,0.00,0.0,0.0,0.0,0.0,-0.0
1776147470.448611	RX	TUNE,24507,50.0,-1.0,29.0,-1.0,20,0.00,0.00,0.0,0.0,0.0,0.0,-0.0
1776147470.575824	RX	TUNE,24637,50.8,25.0,29.0,-1.0,28,0.00,0.00,0.0,0.0,0.0,0.0,-0.0
1776147470.688364	RX	TUNE,24747,50.8,23.1,29.2,-1.0,28,0.00,0.00,0.0,0.0,0.0,0.0,-0.0
1776147470.808446	RX	TUNE,24867,50.1,-1.0,29.9,-1.0,20,0.00,0.00,0.0,0.0,0.0,0.0,-0.0
1776147470.943486	RX	TUNE,24987,50.0,-1.0,30.0,-1.0,20,0.00,0.00,0.0,0.0,0.0,0.0,-0.0
1776147471.055956	RX	TUNE,25107,50.2,26.0,29.3,-1.0,28,0.00,0.00,0.0,0.0,0.0,0.0,-0.0
1776147471.056053	TX	2
1776147471.070226	RX	ACK,2,LINE_OFF
1776147471.078901	RX	STATE,IDLE,25144,50.5,24.7,29.6,-1.0,-1.0,-1.0,0.00,0.00,0.0,0.0,0.0,0.0,-0.0,28
